0 verbose cli /usr/local/bin/node /usr/src/node-red/node_modules/npm/bin/npm-cli.js
1 info using npm@10.9.8
2 info using node@v20.20.2
3 silly config load:file:/usr/src/node-red/node_modules/npm/npmrc
4 silly config load:file:/data/.npmrc
5 silly config load:file:/usr/src/node-red/.npmrc
6 silly config load:file:/usr/local/etc/npmrc
7 verbose title npm install node-red-contrib-postgresql@0.15.4
8 verbose argv "install" "--no-audit" "--no-update-notifier" "--no-fund" "--save" "--save-prefix" "~" "--omit" "dev" "--engine-strict" "--" "node-red-contrib-postgresql@0.15.4"
9 verbose logfile logs-max:10 dir:/data/.npm/_logs/2026-05-27T07_27_42_595Z-
10 verbose logfile /data/.npm/_logs/2026-05-27T07_27_42_595Z-debug-0.log
11 silly logfile done cleaning log files
12 silly packumentCache heap:2197815296 maxSize:549453824 maxEntrySize:274726912
13 silly idealTree buildDeps
14 silly fetch manifest node-red-contrib-postgresql@0.15.4
15 silly packumentCache full:https://registry.npmjs.org/node-red-contrib-postgresql cache-miss
16 verbose shrinkwrap failed to load node_modules/.package-lock.json out of date, updated: node_modules
17 http fetch GET 200 https://registry.npmjs.org/node-red-contrib-postgresql 491ms (cache miss)
18 silly packumentCache full:https://registry.npmjs.org/node-red-contrib-postgresql set size:undefined disposed:false
19 silly placeDep ROOT node-red-contrib-postgresql@0.15.4 OK for: node-red-project@0.0.1 want: 0.15.4
20 silly fetch manifest mustache@^4.2.0
21 silly packumentCache full:https://registry.npmjs.org/mustache cache-miss
22 silly fetch manifest pg@^8.16.3
23 silly packumentCache full:https://registry.npmjs.org/pg cache-miss
24 silly fetch manifest pg-cursor@^2.15.3
25 silly packumentCache full:https://registry.npmjs.org/pg-cursor cache-miss
26 http fetch GET 200 https://registry.npmjs.org/mustache 140ms (cache miss)
27 silly packumentCache full:https://registry.npmjs.org/mustache set size:undefined disposed:false
28 http fetch GET 200 https://registry.npmjs.org/pg-cursor 319ms (cache miss)
29 silly packumentCache full:https://registry.npmjs.org/pg-cursor set size:undefined disposed:false
30 http fetch GET 200 https://registry.npmjs.org/pg 325ms (cache miss)
31 silly packumentCache full:https://registry.npmjs.org/pg set size:undefined disposed:false
32 silly fetch manifest pg-native@>=3.0.1
33 silly packumentCache full:https://registry.npmjs.org/pg-native cache-miss
34 http fetch GET 200 https://registry.npmjs.org/pg-native 94ms (cache miss)
35 silly packumentCache full:https://registry.npmjs.org/pg-native set size:undefined disposed:false
36 silly placeDep ROOT mustache@4.2.0 OK for: node-red-contrib-postgresql@0.15.4 want: ^4.2.0
37 silly placeDep ROOT pg@8.21.0 OK for: node-red-contrib-postgresql@0.15.4 want: ^8.16.3
38 silly placeDep ROOT pg-cursor@2.20.0 OK for: node-red-contrib-postgresql@0.15.4 want: ^2.15.3
39 silly fetch manifest pg-connection-string@^2.13.0
40 silly packumentCache full:https://registry.npmjs.org/pg-connection-string cache-miss
41 silly fetch manifest pg-pool@^3.14.0
42 silly packumentCache full:https://registry.npmjs.org/pg-pool cache-miss
43 silly fetch manifest pg-protocol@^1.14.0
44 silly packumentCache full:https://registry.npmjs.org/pg-protocol cache-miss
45 http fetch GET 200 https://registry.npmjs.org/pg-connection-string 70ms (cache miss)
46 silly packumentCache full:https://registry.npmjs.org/pg-connection-string set size:undefined disposed:false
47 silly fetch manifest pg-types@2.2.0
48 silly packumentCache full:https://registry.npmjs.org/pg-types cache-miss
49 http fetch GET 200 https://registry.npmjs.org/pg-protocol 82ms (cache miss)
50 silly packumentCache full:https://registry.npmjs.org/pg-protocol set size:undefined disposed:false
51 silly fetch manifest pgpass@1.0.5
52 silly packumentCache full:https://registry.npmjs.org/pgpass cache-miss
53 http fetch GET 200 https://registry.npmjs.org/pg-pool 97ms (cache miss)
54 silly packumentCache full:https://registry.npmjs.org/pg-pool set size:undefined disposed:false
55 silly fetch manifest pg-cloudflare@^1.4.0
56 silly packumentCache full:https://registry.npmjs.org/pg-cloudflare cache-miss
57 http fetch GET 200 https://registry.npmjs.org/pg-types 82ms (cache miss)
58 silly packumentCache full:https://registry.npmjs.org/pg-types set size:undefined disposed:false
59 http fetch GET 200 https://registry.npmjs.org/pgpass 70ms (cache miss)
60 silly packumentCache full:https://registry.npmjs.org/pgpass set size:undefined disposed:false
61 http fetch GET 200 https://registry.npmjs.org/pg-cloudflare 70ms (cache miss)
62 silly packumentCache full:https://registry.npmjs.org/pg-cloudflare set size:undefined disposed:false
63 silly fetch manifest pg@>=8.0
64 silly packumentCache full:https://registry.npmjs.org/pg cache-miss
65 http cache https://registry.npmjs.org/pg 17ms (cache hit)
66 silly packumentCache full:https://registry.npmjs.org/pg set size:477609 disposed:false
67 silly placeDep ROOT pg-cloudflare@1.4.0 OK for: pg@8.21.0 want: ^1.4.0
68 silly placeDep ROOT pg-connection-string@2.13.0 OK for: pg@8.21.0 want: ^2.13.0
69 silly placeDep ROOT pg-pool@3.14.0 OK for: pg@8.21.0 want: ^3.14.0
70 silly placeDep ROOT pg-protocol@1.14.0 OK for: pg@8.21.0 want: ^1.14.0
71 silly placeDep ROOT pg-types@2.2.0 OK for: pg@8.21.0 want: 2.2.0
72 silly placeDep ROOT pgpass@1.0.5 OK for: pg@8.21.0 want: 1.0.5
73 silly fetch manifest pg-int8@1.0.1
74 silly packumentCache full:https://registry.npmjs.org/pg-int8 cache-miss
75 silly fetch manifest postgres-date@~1.0.4
76 silly packumentCache full:https://registry.npmjs.org/postgres-date cache-miss
77 silly fetch manifest postgres-array@~2.0.0
78 silly packumentCache full:https://registry.npmjs.org/postgres-array cache-miss
79 http fetch GET 200 https://registry.npmjs.org/postgres-date 100ms (cache miss)
80 silly packumentCache full:https://registry.npmjs.org/postgres-date set size:undefined disposed:false
81 silly fetch manifest postgres-bytea@~1.0.0
82 silly packumentCache full:https://registry.npmjs.org/postgres-bytea cache-miss
83 http fetch GET 200 https://registry.npmjs.org/postgres-array 120ms (cache miss)
84 silly packumentCache full:https://registry.npmjs.org/postgres-array set size:undefined disposed:false
85 silly fetch manifest postgres-interval@^1.1.0
86 silly packumentCache full:https://registry.npmjs.org/postgres-interval cache-miss
87 http fetch GET 200 https://registry.npmjs.org/pg-int8 129ms (cache miss)
88 silly packumentCache full:https://registry.npmjs.org/pg-int8 set size:undefined disposed:false
89 silly fetch manifest split2@^4.1.0
90 silly packumentCache full:https://registry.npmjs.org/split2 cache-miss
91 http fetch GET 200 https://registry.npmjs.org/postgres-bytea 79ms (cache miss)
92 silly packumentCache full:https://registry.npmjs.org/postgres-bytea set size:undefined disposed:false
93 http fetch GET 200 https://registry.npmjs.org/postgres-interval 95ms (cache miss)
94 silly packumentCache full:https://registry.npmjs.org/postgres-interval set size:undefined disposed:false
95 http fetch GET 200 https://registry.npmjs.org/split2 95ms (cache miss)
96 silly packumentCache full:https://registry.npmjs.org/split2 set size:undefined disposed:false
97 silly placeDep ROOT pg-int8@1.0.1 OK for: pg-types@2.2.0 want: 1.0.1
98 silly placeDep ROOT postgres-array@2.0.0 OK for: pg-types@2.2.0 want: ~2.0.0
99 silly placeDep ROOT postgres-bytea@1.0.1 OK for: pg-types@2.2.0 want: ~1.0.0
100 silly placeDep ROOT postgres-date@1.0.7 OK for: pg-types@2.2.0 want: ~1.0.4
101 silly placeDep ROOT postgres-interval@1.2.0 OK for: pg-types@2.2.0 want: ^1.1.0
102 silly fetch manifest xtend@^4.0.0
103 silly packumentCache full:https://registry.npmjs.org/xtend cache-miss
104 http fetch GET 200 https://registry.npmjs.org/xtend 70ms (cache miss)
105 silly packumentCache full:https://registry.npmjs.org/xtend set size:undefined disposed:false
106 silly placeDep ROOT split2@4.2.0 OK for: pgpass@1.0.5 want: ^4.1.0
107 silly placeDep ROOT xtend@4.0.2 OK for: postgres-interval@1.2.0 want: ^4.0.0
108 silly reify moves {}
109 http cache xtend@https://registry.npmjs.org/xtend/-/xtend-4.0.2.tgz 0ms (cache hit)
110 http cache split2@https://registry.npmjs.org/split2/-/split2-4.2.0.tgz 0ms (cache hit)
111 http cache postgres-interval@https://registry.npmjs.org/postgres-interval/-/postgres-interval-1.2.0.tgz 0ms (cache hit)
112 http cache postgres-date@https://registry.npmjs.org/postgres-date/-/postgres-date-1.0.7.tgz 0ms (cache hit)
113 http cache postgres-bytea@https://registry.npmjs.org/postgres-bytea/-/postgres-bytea-1.0.1.tgz 0ms (cache hit)
114 http cache postgres-array@https://registry.npmjs.org/postgres-array/-/postgres-array-2.0.0.tgz 0ms (cache hit)
115 http cache pg-int8@https://registry.npmjs.org/pg-int8/-/pg-int8-1.0.1.tgz 0ms (cache hit)
116 http cache pgpass@https://registry.npmjs.org/pgpass/-/pgpass-1.0.5.tgz 0ms (cache hit)
117 http cache pg-types@https://registry.npmjs.org/pg-types/-/pg-types-2.2.0.tgz 0ms (cache hit)
118 http cache pg-protocol@https://registry.npmjs.org/pg-protocol/-/pg-protocol-1.14.0.tgz 0ms (cache hit)
119 http cache pg-pool@https://registry.npmjs.org/pg-pool/-/pg-pool-3.14.0.tgz 0ms (cache hit)
120 http cache pg-connection-string@https://registry.npmjs.org/pg-connection-string/-/pg-connection-string-2.13.0.tgz 0ms (cache hit)
121 http cache pg-cloudflare@https://registry.npmjs.org/pg-cloudflare/-/pg-cloudflare-1.4.0.tgz 0ms (cache hit)
122 http cache pg-cursor@https://registry.npmjs.org/pg-cursor/-/pg-cursor-2.20.0.tgz 0ms (cache hit)
123 http cache pg@https://registry.npmjs.org/pg/-/pg-8.21.0.tgz 0ms (cache hit)
124 http cache mustache@https://registry.npmjs.org/mustache/-/mustache-4.2.0.tgz 0ms (cache hit)
125 http cache node-red-contrib-postgresql@https://registry.npmjs.org/node-red-contrib-postgresql/-/node-red-contrib-postgresql-0.15.4.tgz 0ms (cache hit)
126 silly tarball no local data for xtend@https://registry.npmjs.org/xtend/-/xtend-4.0.2.tgz. Extracting by manifest.
127 silly tarball no local data for split2@https://registry.npmjs.org/split2/-/split2-4.2.0.tgz. Extracting by manifest.
128 silly tarball no local data for postgres-interval@https://registry.npmjs.org/postgres-interval/-/postgres-interval-1.2.0.tgz. Extracting by manifest.
129 silly tarball no local data for postgres-date@https://registry.npmjs.org/postgres-date/-/postgres-date-1.0.7.tgz. Extracting by manifest.
130 silly tarball no local data for postgres-bytea@https://registry.npmjs.org/postgres-bytea/-/postgres-bytea-1.0.1.tgz. Extracting by manifest.
131 silly tarball no local data for postgres-array@https://registry.npmjs.org/postgres-array/-/postgres-array-2.0.0.tgz. Extracting by manifest.
132 silly tarball no local data for pg-int8@https://registry.npmjs.org/pg-int8/-/pg-int8-1.0.1.tgz. Extracting by manifest.
133 silly tarball no local data for pgpass@https://registry.npmjs.org/pgpass/-/pgpass-1.0.5.tgz. Extracting by manifest.
134 silly tarball no local data for pg-types@https://registry.npmjs.org/pg-types/-/pg-types-2.2.0.tgz. Extracting by manifest.
135 silly tarball no local data for pg-protocol@https://registry.npmjs.org/pg-protocol/-/pg-protocol-1.14.0.tgz. Extracting by manifest.
136 silly tarball no local data for pg-pool@https://registry.npmjs.org/pg-pool/-/pg-pool-3.14.0.tgz. Extracting by manifest.
137 silly tarball no local data for pg-connection-string@https://registry.npmjs.org/pg-connection-string/-/pg-connection-string-2.13.0.tgz. Extracting by manifest.
138 silly tarball no local data for pg-cloudflare@https://registry.npmjs.org/pg-cloudflare/-/pg-cloudflare-1.4.0.tgz. Extracting by manifest.
139 silly tarball no local data for pg-cursor@https://registry.npmjs.org/pg-cursor/-/pg-cursor-2.20.0.tgz. Extracting by manifest.
140 silly tarball no local data for pg@https://registry.npmjs.org/pg/-/pg-8.21.0.tgz. Extracting by manifest.
141 silly tarball no local data for mustache@https://registry.npmjs.org/mustache/-/mustache-4.2.0.tgz. Extracting by manifest.
142 silly tarball no local data for node-red-contrib-postgresql@https://registry.npmjs.org/node-red-contrib-postgresql/-/node-red-contrib-postgresql-0.15.4.tgz. Extracting by manifest.
143 http fetch GET 200 https://registry.npmjs.org/xtend/-/xtend-4.0.2.tgz 135ms (cache miss)
144 http fetch GET 200 https://registry.npmjs.org/postgres-interval/-/postgres-interval-1.2.0.tgz 134ms (cache miss)
145 http fetch GET 200 https://registry.npmjs.org/split2/-/split2-4.2.0.tgz 134ms (cache miss)
146 http fetch GET 200 https://registry.npmjs.org/mustache/-/mustache-4.2.0.tgz 164ms (cache miss)
147 http fetch GET 200 https://registry.npmjs.org/node-red-contrib-postgresql/-/node-red-contrib-postgresql-0.15.4.tgz 210ms (cache miss)
148 http fetch GET 200 https://registry.npmjs.org/postgres-date/-/postgres-date-1.0.7.tgz 242ms (cache miss)
149 http fetch GET 200 https://registry.npmjs.org/pgpass/-/pgpass-1.0.5.tgz 245ms (cache miss)
150 http fetch GET 200 https://registry.npmjs.org/postgres-bytea/-/postgres-bytea-1.0.1.tgz 271ms (cache miss)
151 http fetch GET 200 https://registry.npmjs.org/postgres-array/-/postgres-array-2.0.0.tgz 303ms (cache miss)
152 http fetch GET 200 https://registry.npmjs.org/pg-int8/-/pg-int8-1.0.1.tgz 314ms (cache miss)
153 http fetch GET 200 https://registry.npmjs.org/pg-pool/-/pg-pool-3.14.0.tgz 316ms (cache miss)
154 http fetch GET 200 https://registry.npmjs.org/pg-types/-/pg-types-2.2.0.tgz 319ms (cache miss)
155 http fetch GET 200 https://registry.npmjs.org/pg-cursor/-/pg-cursor-2.20.0.tgz 315ms (cache miss)
156 http fetch GET 200 https://registry.npmjs.org/pg-connection-string/-/pg-connection-string-2.13.0.tgz 318ms (cache miss)
157 http fetch GET 200 https://registry.npmjs.org/pg-cloudflare/-/pg-cloudflare-1.4.0.tgz 322ms (cache miss)
158 http fetch GET 200 https://registry.npmjs.org/pg/-/pg-8.21.0.tgz 342ms (cache miss)
159 http fetch GET 200 https://registry.npmjs.org/pg-protocol/-/pg-protocol-1.14.0.tgz 363ms (cache miss)
160 silly ADD node_modules/xtend
161 silly ADD node_modules/split2
162 silly ADD node_modules/postgres-interval
163 silly ADD node_modules/postgres-date
164 silly ADD node_modules/postgres-bytea
165 silly ADD node_modules/postgres-array
166 silly ADD node_modules/pg-int8
167 silly ADD node_modules/pgpass
168 silly ADD node_modules/pg-types
169 silly ADD node_modules/pg-protocol
170 silly ADD node_modules/pg-pool
171 silly ADD node_modules/pg-connection-string
172 silly ADD node_modules/pg-cloudflare
173 silly ADD node_modules/pg-cursor
174 silly ADD node_modules/pg
175 silly ADD node_modules/mustache
176 silly ADD node_modules/node-red-contrib-postgresql
177 verbose cwd /data
178 verbose os Linux 6.18.9+kali-amd64
179 verbose node v20.20.2
180 verbose npm  v10.9.8
181 verbose exit 0
182 info ok
